Archive member included to satisfy reference by file (symbol)

d:/nucleistudio_ide_201909/nucleistudio_ide_201909/nucleistudio/toolchain/risc-v embedded gcc/bin/../lib/gcc/riscv-none-embed/8.2.0/rv32imac/ilp32\libgcc.a(divdf3.o)
                              ./Application/systick.o (__divdf3)
d:/nucleistudio_ide_201909/nucleistudio_ide_201909/nucleistudio/toolchain/risc-v embedded gcc/bin/../lib/gcc/riscv-none-embed/8.2.0/rv32imac/ilp32\libgcc.a(ledf2.o)
                              ./Application/systick.o (__ltdf2)
d:/nucleistudio_ide_201909/nucleistudio_ide_201909/nucleistudio/toolchain/risc-v embedded gcc/bin/../lib/gcc/riscv-none-embed/8.2.0/rv32imac/ilp32\libgcc.a(muldf3.o)
                              ./Application/systick.o (__muldf3)
d:/nucleistudio_ide_201909/nucleistudio_ide_201909/nucleistudio/toolchain/risc-v embedded gcc/bin/../lib/gcc/riscv-none-embed/8.2.0/rv32imac/ilp32\libgcc.a(floatunsidf.o)
                              ./Application/systick.o (__floatunsidf)
d:/nucleistudio_ide_201909/nucleistudio_ide_201909/nucleistudio/toolchain/risc-v embedded gcc/bin/../lib/gcc/riscv-none-embed/8.2.0/rv32imac/ilp32\libgcc.a(floatundidf.o)
                              ./Application/systick.o (__floatundidf)
d:/nucleistudio_ide_201909/nucleistudio_ide_201909/nucleistudio/toolchain/risc-v embedded gcc/bin/../lib/gcc/riscv-none-embed/8.2.0/rv32imac/ilp32\libgcc.a(_clzsi2.o)
                              d:/nucleistudio_ide_201909/nucleistudio_ide_201909/nucleistudio/toolchain/risc-v embedded gcc/bin/../lib/gcc/riscv-none-embed/8.2.0/rv32imac/ilp32\libgcc.a(divdf3.o) (__clzsi2)
d:/nucleistudio_ide_201909/nucleistudio_ide_201909/nucleistudio/toolchain/risc-v embedded gcc/bin/../lib/gcc/riscv-none-embed/8.2.0/rv32imac/ilp32\libgcc.a(_clz.o)
                              d:/nucleistudio_ide_201909/nucleistudio_ide_201909/nucleistudio/toolchain/risc-v embedded gcc/bin/../lib/gcc/riscv-none-embed/8.2.0/rv32imac/ilp32\libgcc.a(_clzsi2.o) (__clz_tab)
d:/nucleistudio_ide_201909/nucleistudio_ide_201909/nucleistudio/toolchain/risc-v embedded gcc/bin/../lib/gcc/riscv-none-embed/8.2.0/../../../../riscv-none-embed/lib/rv32imac/ilp32\libg_nano.a(lib_a-atexit.o)
                              ./RISCV/env_Eclipse/start.o (atexit)
d:/nucleistudio_ide_201909/nucleistudio_ide_201909/nucleistudio/toolchain/risc-v embedded gcc/bin/../lib/gcc/riscv-none-embed/8.2.0/../../../../riscv-none-embed/lib/rv32imac/ilp32\libg_nano.a(lib_a-exit.o)
                              ./RISCV/env_Eclipse/start.o (exit)
d:/nucleistudio_ide_201909/nucleistudio_ide_201909/nucleistudio/toolchain/risc-v embedded gcc/bin/../lib/gcc/riscv-none-embed/8.2.0/../../../../riscv-none-embed/lib/rv32imac/ilp32\libg_nano.a(lib_a-fini.o)
                              ./RISCV/env_Eclipse/start.o (__libc_fini_array)
d:/nucleistudio_ide_201909/nucleistudio_ide_201909/nucleistudio/toolchain/risc-v embedded gcc/bin/../lib/gcc/riscv-none-embed/8.2.0/../../../../riscv-none-embed/lib/rv32imac/ilp32\libg_nano.a(lib_a-impure.o)
                              d:/nucleistudio_ide_201909/nucleistudio_ide_201909/nucleistudio/toolchain/risc-v embedded gcc/bin/../lib/gcc/riscv-none-embed/8.2.0/../../../../riscv-none-embed/lib/rv32imac/ilp32\libg_nano.a(lib_a-exit.o) (_global_impure_ptr)
d:/nucleistudio_ide_201909/nucleistudio_ide_201909/nucleistudio/toolchain/risc-v embedded gcc/bin/../lib/gcc/riscv-none-embed/8.2.0/../../../../riscv-none-embed/lib/rv32imac/ilp32\libg_nano.a(lib_a-init.o)
                              ./RISCV/env_Eclipse/start.o (__libc_init_array)
d:/nucleistudio_ide_201909/nucleistudio_ide_201909/nucleistudio/toolchain/risc-v embedded gcc/bin/../lib/gcc/riscv-none-embed/8.2.0/../../../../riscv-none-embed/lib/rv32imac/ilp32\libg_nano.a(lib_a-strlen.o)
                              ./RISCV/stubs/write.o (strlen)
d:/nucleistudio_ide_201909/nucleistudio_ide_201909/nucleistudio/toolchain/risc-v embedded gcc/bin/../lib/gcc/riscv-none-embed/8.2.0/../../../../riscv-none-embed/lib/rv32imac/ilp32\libg_nano.a(lib_a-sysisatty.o)
                              ./RISCV/stubs/fstat.o (isatty)
d:/nucleistudio_ide_201909/nucleistudio_ide_201909/nucleistudio/toolchain/risc-v embedded gcc/bin/../lib/gcc/riscv-none-embed/8.2.0/../../../../riscv-none-embed/lib/rv32imac/ilp32\libg_nano.a(lib_a-syswrite.o)
                              ./RISCV/stubs/_exit.o (write)
d:/nucleistudio_ide_201909/nucleistudio_ide_201909/nucleistudio/toolchain/risc-v embedded gcc/bin/../lib/gcc/riscv-none-embed/8.2.0/../../../../riscv-none-embed/lib/rv32imac/ilp32\libg_nano.a(lib_a-writer.o)
                              d:/nucleistudio_ide_201909/nucleistudio_ide_201909/nucleistudio/toolchain/risc-v embedded gcc/bin/../lib/gcc/riscv-none-embed/8.2.0/../../../../riscv-none-embed/lib/rv32imac/ilp32\libg_nano.a(lib_a-syswrite.o) (_write_r)
[...]
Memory Configuration

Name             Origin             Length             Attributes
flash            0x0000000008000000 0x0000000000020000 axrl !w
ram              0x0000000020000000 0x0000000000008000 axw !rl
*default*        0x0000000000000000 0xffffffffffffffff

Linker script and memory map

LOAD ./RISCV/stubs/_exit.o
LOAD ./RISCV/stubs/close.o
LOAD ./RISCV/stubs/fstat.o
LOAD ./RISCV/stubs/isatty.o
LOAD ./RISCV/stubs/lseek.o
LOAD ./RISCV/stubs/read.o
LOAD ./RISCV/stubs/sbrk.o
LOAD ./RISCV/stubs/write.o
LOAD ./RISCV/stubs/write_hex.o
LOAD ./RISCV/env_Eclipse/entry.o
LOAD ./RISCV/env_Eclipse/handlers.o
LOAD ./RISCV/env_Eclipse/init.o
LOAD ./RISCV/env_Eclipse/start.o
LOAD ./RISCV/env_Eclipse/your_printf.o
LOAD ./RISCV/drivers/n200_func.o
LOAD ./Peripherals/Source/gd32vf103_adc.o
LOAD ./Peripherals/Source/gd32vf103_bkp.o
LOAD ./Peripherals/Source/gd32vf103_can.o
LOAD ./Peripherals/Source/gd32vf103_crc.o
LOAD ./Peripherals/Source/gd32vf103_dac.o
LOAD ./Peripherals/Source/gd32vf103_dbg.o
LOAD ./Peripherals/Source/gd32vf103_dma.o
LOAD ./Peripherals/Source/gd32vf103_eclic.o
LOAD ./Peripherals/Source/gd32vf103_exmc.o
LOAD ./Peripherals/Source/gd32vf103_exti.o
LOAD ./Peripherals/Source/gd32vf103_fmc.o
LOAD ./Peripherals/Source/gd32vf103_fwdgt.o
LOAD ./Peripherals/Source/gd32vf103_gpio.o
LOAD ./Peripherals/Source/gd32vf103_i2c.o
LOAD ./Peripherals/Source/gd32vf103_pmu.o
LOAD ./Peripherals/Source/gd32vf103_rcu.o
LOAD ./Peripherals/Source/gd32vf103_rtc.o
LOAD ./Peripherals/Source/gd32vf103_spi.o
LOAD ./Peripherals/Source/gd32vf103_timer.o
LOAD ./Peripherals/Source/gd32vf103_usart.o
LOAD ./Peripherals/Source/gd32vf103_wwdgt.o
LOAD ./Peripherals/system_gd32vf103.o
LOAD ./Application/main.o
LOAD ./Application/systick.o
LOAD d:/nucleistudio_ide_201909/nucleistudio_ide_201909/nucleistudio/toolchain/risc-v embedded gcc/bin/../lib/gcc/riscv-none-embed/8.2.0/../../../../riscv-none-embed/lib/rv32imac/ilp32\libstdc++_nano.a
LOAD d:/nucleistudio_ide_201909/nucleistudio_ide_201909/nucleistudio/toolchain/risc-v embedded gcc/bin/../lib/gcc/riscv-none-embed/8.2.0/../../../../riscv-none-embed/lib/rv32imac/ilp32\libm.a
LOAD d:/nucleistudio_ide_201909/nucleistudio_ide_201909/nucleistudio/toolchain/risc-v embedded gcc/bin/../lib/gcc/riscv-none-embed/8.2.0/rv32imac/ilp32\libgcc.a
LOAD d:/nucleistudio_ide_201909/nucleistudio_ide_201909/nucleistudio/toolchain/risc-v embedded gcc/bin/../lib/gcc/riscv-none-embed/8.2.0/../../../../riscv-none-embed/lib/rv32imac/ilp32\libg_nano.a
LOAD d:/nucleistudio_ide_201909/nucleistudio_ide_201909/nucleistudio/toolchain/risc-v embedded gcc/bin/../lib/gcc/riscv-none-embed/8.2.0/../../../../riscv-none-embed/lib/rv32imac/ilp32\libc_nano.a
LOAD d:/nucleistudio_ide_201909/nucleistudio_ide_201909/nucleistudio/toolchain/risc-v embedded gcc/bin/../lib/gcc/riscv-none-embed/8.2.0/rv32imac/ilp32\libgcc.a
START GROUP
LOAD d:/nucleistudio_ide_201909/nucleistudio_ide_201909/nucleistudio/toolchain/risc-v embedded gcc/bin/../lib/gcc/riscv-none-embed/8.2.0/rv32imac/ilp32\libgcc.a
LOAD d:/nucleistudio_ide_201909/nucleistudio_ide_201909/nucleistudio/toolchain/risc-v embedded gcc/bin/../lib/gcc/riscv-none-embed/8.2.0/../../../../riscv-none-embed/lib/rv32imac/ilp32\libc_nano.a
END GROUP
                0x0000000000000800                __stack_size = DEFINED (__stack_size)?__stack_size:0x800

.init           0x0000000008000000      0x236
 *(SORT_NONE(.init))
 .init          0x0000000008000000      0x236 ./RISCV/env_Eclipse/start.o
                0x000000000800015c                _start
                0x0000000008000228                disable_mcycle_minstret
                0x000000000800022e                enable_mcycle_minstret

.ilalign        0x0000000008000236        0x2
                0x0000000008000238                . = ALIGN (0x4)
 *fill*         0x0000000008000236        0x2 
                [!provide]                        PROVIDE (_ilm_lma = .)

.ialign         0x0000000008000238        0x0
                [!provide]                        PROVIDE (_ilm = .)

.text           0x0000000008000240     0x1b50
 *(.rodata .rodata.*)
 .rodata._exit.str1.4
                0x0000000008000240       0x1f ./RISCV/stubs/_exit.o
                                         0x23 (size before relaxing)
 *fill*         0x000000000800025f        0x1 
 .rodata.write_hex.str1.4
                0x0000000008000260        0x3 ./RISCV/stubs/write_hex.o
 *fill*         0x0000000008000263        0x1 
 .rodata.handle_nmi.str1.4
                0x0000000008000264        0x5 ./RISCV/env_Eclipse/handlers.o
 *fill*         0x0000000008000269        0x3 
 .rodata.handle_trap.str1.4
                0x000000000800026c        0x6 ./RISCV/env_Eclipse/handlers.o
 *fill*         0x0000000008000272        0x2 
 .rodata.main.str1.4
                0x0000000008000274       0x1c ./Application/main.o
                                         0x19 (size before relaxing)
 .rodata.delay_1ms.cst8
                0x0000000008000290        0x8 ./Application/systick.o
 .rodata.__divdf3
                0x0000000008000298       0x40 d:/nucleistudio_ide_201909/nucleistudio_ide_201909/nucleistudio/toolchain/risc-v embedded gcc/bin/../lib/gcc/riscv-none-embed/8.2.0/rv32imac/ilp32\libgcc.a(divdf3.o)
 .rodata.__muldf3
                0x00000000080002d8       0x40 d:/nucleistudio_ide_201909/nucleistudio_ide_201909/nucleistudio/toolchain/risc-v embedded gcc/bin/../lib/gcc/riscv-none-embed/8.2.0/rv32imac/ilp32\libgcc.a(muldf3.o)
 .rodata.__clz_tab
                0x0000000008000318      0x100 d:/nucleistudio_ide_201909/nucleistudio_ide_201909/nucleistudio/toolchain/risc-v embedded gcc/bin/../lib/gcc/riscv-none-embed/8.2.0/rv32imac/ilp32\libgcc.a(_clz.o)
                0x0000000008000318                __clz_tab
 *(.text.unlikely .text.unlikely.*)
 *(.text.startup .text.startup.*)
 .text.startup.main
                0x0000000008000418       0x44 ./Application/main.o
                0x0000000008000418                main
 *(.text .text.*)
 .text._exit    0x000000000800045c       0x6a ./RISCV/stubs/_exit.o
                0x000000000800045c                _exit
 .text._write   0x00000000080004c6       0x4a ./RISCV/stubs/write.o
                0x00000000080004c6                _write
 .text.puts     0x0000000008000510       0x1a ./RISCV/stubs/write.o
                0x0000000008000510                puts
 .text.write_hex
                0x000000000800052a       0x92 ./RISCV/stubs/write_hex.o
                0x000000000800052a                write_hex
 *fill*         0x00000000080005bc        0x4 
 .text.trap     0x00000000080005c0       0x7c ./RISCV/env_Eclipse/entry.o
                0x00000000080005c0                trap_entry
 *fill*         0x000000000800063c        0x0 
 .text.irq      0x000000000800063c       0x72 ./RISCV/env_Eclipse/entry.o
                0x000000000800063c                irq_entry
 .text.handle_nmi
                0x00000000080006ae       0x18 ./RISCV/env_Eclipse/handlers.o
                0x00000000080006ae                handle_nmi
 .text.handle_trap
                0x00000000080006c6       0x28 ./RISCV/env_Eclipse/handlers.o
                0x00000000080006c6                handle_trap
 .text._init    0x00000000080006ee       0x14 ./RISCV/env_Eclipse/init.o
                0x00000000080006ee                _init
 .text._fini    0x0000000008000702        0x2 ./RISCV/env_Eclipse/init.o
                0x0000000008000702                _fini
 .text.get_timer_value
                0x0000000008000704       0x10 ./RISCV/drivers/n200_func.o
                0x0000000008000704                get_timer_value
 .text.eclic_init
                0x0000000008000714       0x24 ./RISCV/drivers/n200_func.o
                0x0000000008000714                eclic_init
 .text.eclic_mode_enable
                0x0000000008000738       0x12 ./RISCV/drivers/n200_func.o
                0x0000000008000738                eclic_mode_enable
 .text.gpio_init
                0x000000000800074a       0xa8 ./Peripherals/Source/gd32vf103_gpio.o
                0x000000000800074a                gpio_init
 .text.rcu_periph_clock_enable
                0x00000000080007f2       0x18 ./Peripherals/Source/gd32vf103_rcu.o
                0x00000000080007f2                rcu_periph_clock_enable
 .text.rcu_periph_reset_enable
                0x000000000800080a       0x18 ./Peripherals/Source/gd32vf103_rcu.o
                0x000000000800080a                rcu_periph_reset_enable
 .text.rcu_periph_reset_disable
                0x0000000008000822       0x1c ./Peripherals/Source/gd32vf103_rcu.o
                0x0000000008000822                rcu_periph_reset_disable
 .text.rcu_clock_freq_get
                0x000000000800083e      0x13c ./Peripherals/Source/gd32vf103_rcu.o
                0x000000000800083e                rcu_clock_freq_get
 .text.usart_deinit
                0x000000000800097a       0x8e ./Peripherals/Source/gd32vf103_usart.o
                0x000000000800097a                usart_deinit
 .text.usart_baudrate_set
                0x0000000008000a08       0x68 ./Peripherals/Source/gd32vf103_usart.o
                0x0000000008000a08                usart_baudrate_set
 .text.usart_parity_config
                0x0000000008000a70       0x10 ./Peripherals/Source/gd32vf103_usart.o
                0x0000000008000a70                usart_parity_config
 .text.usart_word_length_set
                0x0000000008000a80       0x12 ./Peripherals/Source/gd32vf103_usart.o
                0x0000000008000a80                usart_word_length_set
 .text.usart_stop_bit_set
                0x0000000008000a92       0x12 ./Peripherals/Source/gd32vf103_usart.o
                0x0000000008000a92                usart_stop_bit_set
 .text.usart_enable
                0x0000000008000aa4        0xa ./Peripherals/Source/gd32vf103_usart.o
                0x0000000008000aa4                usart_enable
 .text.usart_transmit_config
                0x0000000008000aae        0xa ./Peripherals/Source/gd32vf103_usart.o
                0x0000000008000aae                usart_transmit_config
 .text.usart_receive_config
                0x0000000008000ab8        0xa ./Peripherals/Source/gd32vf103_usart.o
                0x0000000008000ab8                usart_receive_config
 .text.usart_data_transmit
                0x0000000008000ac2        0x8 ./Peripherals/Source/gd32vf103_usart.o
                0x0000000008000ac2                usart_data_transmit
 .text.usart_hardware_flow_rts_config
                0x0000000008000aca        0xc ./Peripherals/Source/gd32vf103_usart.o
                0x0000000008000aca                usart_hardware_flow_rts_config
 .text.usart_hardware_flow_cts_config
                0x0000000008000ad6        0xc ./Peripherals/Source/gd32vf103_usart.o
                0x0000000008000ad6                usart_hardware_flow_cts_config
 .text.usart_flag_get
                0x0000000008000ae2       0x14 ./Peripherals/Source/gd32vf103_usart.o
                0x0000000008000ae2                usart_flag_get
 .text.SystemInit
                0x0000000008000af6      0x11e ./Peripherals/system_gd32vf103.o
                0x0000000008000af6                SystemInit
 .text.longan_led_init
                0x0000000008000c14       0x24 ./Application/main.o
                0x0000000008000c14                longan_led_init
 .text._put_char
                0x0000000008000c38       0x30 ./Application/main.o
                0x0000000008000c38                _put_char
 .text.init_uart0
                0x0000000008000c68       0x8c ./Application/main.o
                0x0000000008000c68                init_uart0
 .text.delay_1ms
                0x0000000008000cf4       0x9e ./Application/systick.o
                0x0000000008000cf4                delay_1ms
 .text.__divdf3
                0x0000000008000d92      0x5b4 d:/nucleistudio_ide_201909/nucleistudio_ide_201909/nucleistudio/toolchain/risc-v embedded gcc/bin/../lib/gcc/riscv-none-embed/8.2.0/rv32imac/ilp32\libgcc.a(divdf3.o)
                0x0000000008000d92                __divdf3
 .text.__ledf2  0x0000000008001346       0xb6 d:/nucleistudio_ide_201909/nucleistudio_ide_201909/nucleistudio/toolchain/risc-v embedded gcc/bin/../lib/gcc/riscv-none-embed/8.2.0/rv32imac/ilp32\libgcc.a(ledf2.o)
                0x0000000008001346                __ledf2
                0x0000000008001346                __ltdf2
 .text.__muldf3
                0x00000000080013fc      0x4b0 d:/nucleistudio_ide_201909/nucleistudio_ide_201909/nucleistudio/toolchain/risc-v embedded gcc/bin/../lib/gcc/riscv-none-embed/8.2.0/rv32imac/ilp32\libgcc.a(muldf3.o)
                0x00000000080013fc                __muldf3
 .text.__floatunsidf
                0x00000000080018ac       0x66 d:/nucleistudio_ide_201909/nucleistudio_ide_201909/nucleistudio/toolchain/risc-v embedded gcc/bin/../lib/gcc/riscv-none-embed/8.2.0/rv32imac/ilp32\libgcc.a(floatunsidf.o)
                0x00000000080018ac                __floatunsidf
 .text.__floatundidf
                0x0000000008001912      0x188 d:/nucleistudio_ide_201909/nucleistudio_ide_201909/nucleistudio/toolchain/risc-v embedded gcc/bin/../lib/gcc/riscv-none-embed/8.2.0/rv32imac/ilp32\libgcc.a(floatundidf.o)
                0x0000000008001912                __floatundidf
 .text.__clzsi2
                0x0000000008001a9a       0x76 d:/nucleistudio_ide_201909/nucleistudio_ide_201909/nucleistudio/toolchain/risc-v embedded gcc/bin/../lib/gcc/riscv-none-embed/8.2.0/rv32imac/ilp32\libgcc.a(_clzsi2.o)
                0x0000000008001a9a                __clzsi2
 .text.atexit   0x0000000008001b10        0xa d:/nucleistudio_ide_201909/nucleistudio_ide_201909/nucleistudio/toolchain/risc-v embedded gcc/bin/../lib/gcc/riscv-none-embed/8.2.0/../../../../riscv-none-embed/lib/rv32imac/ilp32\libg_nano.a(lib_a-atexit.o)
                0x0000000008001b10                atexit
 .text.exit     0x0000000008001b1a       0x2c d:/nucleistudio_ide_201909/nucleistudio_ide_201909/nucleistudio/toolchain/risc-v embedded gcc/bin/../lib/gcc/riscv-none-embed/8.2.0/../../../../riscv-none-embed/lib/rv32imac/ilp32\libg_nano.a(lib_a-exit.o)
                0x0000000008001b1a                exit
 .text.__libc_fini_array
                0x0000000008001b46       0x3a d:/nucleistudio_ide_201909/nucleistudio_ide_201909/nucleistudio/toolchain/risc-v embedded gcc/bin/../lib/gcc/riscv-none-embed/8.2.0/../../../../riscv-none-embed/lib/rv32imac/ilp32\libg_nano.a(lib_a-fini.o)
                0x0000000008001b46                __libc_fini_array
 .text.__libc_init_array
                0x0000000008001b80       0x6e d:/nucleistudio_ide_201909/nucleistudio_ide_201909/nucleistudio/toolchain/risc-v embedded gcc/bin/../lib/gcc/riscv-none-embed/8.2.0/../../../../riscv-none-embed/lib/rv32imac/ilp32\libg_nano.a(lib_a-init.o)
                0x0000000008001b80                __libc_init_array
 .text.strlen   0x0000000008001bee       0x12 d:/nucleistudio_ide_201909/nucleistudio_ide_201909/nucleistudio/toolchain/risc-v embedded gcc/bin/../lib/gcc/riscv-none-embed/8.2.0/../../../../riscv-none-embed/lib/rv32imac/ilp32\libg_nano.a(lib_a-strlen.o)
                0x0000000008001bee                strlen
 .text.write    0x0000000008001c00       0x12 d:/nucleistudio_ide_201909/nucleistudio_ide_201909/nucleistudio/toolchain/risc-v embedded gcc/bin/../lib/gcc/riscv-none-embed/8.2.0/../../../../riscv-none-embed/lib/rv32imac/ilp32\libg_nano.a(lib_a-syswrite.o)
                0x0000000008001c00                write
 .text._write_r
                0x0000000008001c12       0x2e d:/nucleistudio_ide_201909/nucleistudio_ide_201909/nucleistudio/toolchain/risc-v embedded gcc/bin/../lib/gcc/riscv-none-embed/8.2.0/../../../../riscv-none-embed/lib/rv32imac/ilp32\libg_nano.a(lib_a-writer.o)
                0x0000000008001c12                _write_r
 .text.__register_exitproc
                0x0000000008001c40       0x88 d:/nucleistudio_ide_201909/nucleistudio_ide_201909/nucleistudio/toolchain/risc-v embedded gcc/bin/../lib/gcc/riscv-none-embed/8.2.0/../../../../riscv-none-embed/lib/rv32imac/ilp32\libg_nano.a(lib_a-__atexit.o)
                0x0000000008001c40                __register_exitproc
 .text.__call_exitprocs
                0x0000000008001cc8       0xc8 d:/nucleistudio_ide_201909/nucleistudio_ide_201909/nucleistudio/toolchain/risc-v embedded gcc/bin/../lib/gcc/riscv-none-embed/8.2.0/../../../../riscv-none-embed/lib/rv32imac/ilp32\libg_nano.a(lib_a-__call_atexit.o)
                0x0000000008001cc8                __call_exitprocs
 *(.gnu.linkonce.t.*)

.sdata2._global_impure_ptr
                0x0000000008001d90        0x4
 .sdata2._global_impure_ptr
                0x0000000008001d90        0x4 d:/nucleistudio_ide_201909/nucleistudio_ide_201909/nucleistudio/toolchain/risc-v embedded gcc/bin/../lib/gcc/riscv-none-embed/8.2.0/../../../../riscv-none-embed/lib/rv32imac/ilp32\libg_nano.a(lib_a-impure.o)
                0x0000000008001d90                _global_impure_ptr

.rela.dyn       0x0000000008001d94        0x0
 .rela.text.trap
                0x0000000008001d94        0x0 ./RISCV/stubs/_exit.o
 .rela.text.handle_trap
                0x0000000008001d94        0x0 ./RISCV/stubs/_exit.o
 .rela.init     0x0000000008001d94        0x0 ./RISCV/stubs/_exit.o
 .rela.text.__libc_fini_array
                0x0000000008001d94        0x0 ./RISCV/stubs/_exit.o
 .rela.data.impure_data
                0x0000000008001d94        0x0 ./RISCV/stubs/_exit.o
 .rela.text.__libc_init_array
                0x0000000008001d94        0x0 ./RISCV/stubs/_exit.o
 .rela.text._write_r
                0x0000000008001d94        0x0 ./RISCV/stubs/_exit.o
 .rela.text.__register_exitproc
                0x0000000008001d94        0x0 ./RISCV/stubs/_exit.o

.fini
 *(SORT_NONE(.fini))
                0x0000000008001d94                . = ALIGN (0x4)
                [!provide]                        PROVIDE (__etext = .)
                [!provide]                        PROVIDE (_etext = .)
                [!provide]                        PROVIDE (etext = .)
                [!provide]                        PROVIDE (_eilm = .)

.preinit_array  0x0000000008001d94        0x0
                0x0000000008001d94                PROVIDE (__preinit_array_start = .)
 *(.preinit_array)
                0x0000000008001d94                PROVIDE (__preinit_array_end = .)

.init_array     0x0000000008001d94        0x0
                0x0000000008001d94                PROVIDE (__init_array_start = .)
 *(SORT_BY_INIT_PRIORITY(.init_array.*) SORT_BY_INIT_PRIORITY(.ctors.*))
 *(.init_array EXCLUDE_FILE(*crtend?.o *crtend.o *crtbegin?.o *crtbegin.o) .ctors)
                0x0000000008001d94                PROVIDE (__init_array_end = .)

.fini_array     0x0000000008001d94        0x0
                0x0000000008001d94                PROVIDE (__fini_array_start = .)
 *(SORT_BY_INIT_PRIORITY(.fini_array.*) SORT_BY_INIT_PRIORITY(.dtors.*))
 *(.fini_array EXCLUDE_FILE(*crtend?.o *crtend.o *crtbegin?.o *crtbegin.o) .dtors)
                0x0000000008001d94                PROVIDE (__fini_array_end = .)

.ctors
 *crtbegin.o(.ctors)
 *crtbegin?.o(.ctors)
 *(EXCLUDE_FILE(*crtend?.o *crtend.o) .ctors)
 *(SORT_BY_NAME(.ctors.*))
 *(.ctors)

.dtors
 *crtbegin.o(.dtors)
 *crtbegin?.o(.dtors)
 *(EXCLUDE_FILE(*crtend?.o *crtend.o) .dtors)
 *(SORT_BY_NAME(.dtors.*))
 *(.dtors)
                0x0000000008001d94                . = ALIGN (0x4)
                [!provide]                        PROVIDE (_eilm = .)

.lalign         0x0000000008001d94        0x0
                0x0000000008001d94                . = ALIGN (0x4)
                0x0000000008001d94                PROVIDE (_data_lma = .)

.dalign         0x0000000020000000        0x0 load address 0x0000000008001d94
                0x0000000020000000                . = ALIGN (0x4)
                0x0000000020000000                PROVIDE (_data = .)

.data           0x0000000020000000       0x68 load address 0x0000000008001d94
 *(.rdata)
 *(.gnu.linkonce.r.*)
 *(.data .data.*)
 .data.impure_data
                0x0000000020000000       0x60 d:/nucleistudio_ide_201909/nucleistudio_ide_201909/nucleistudio/toolchain/risc-v embedded gcc/bin/../lib/gcc/riscv-none-embed/8.2.0/../../../../riscv-none-embed/lib/rv32imac/ilp32\libg_nano.a(lib_a-impure.o)
 *(.gnu.linkonce.d.*)
                0x0000000020000060                . = ALIGN (0x8)
                0x0000000020000860                PROVIDE (__global_pointer$ = (. + 0x800))
 *(.sdata .sdata.*)
 .sdata.SystemCoreClock
                0x0000000020000060        0x4 ./Peripherals/system_gd32vf103.o
                0x0000000020000060                SystemCoreClock
 .sdata._impure_ptr
                0x0000000020000064        0x4 d:/nucleistudio_ide_201909/nucleistudio_ide_201909/nucleistudio/toolchain/risc-v embedded gcc/bin/../lib/gcc/riscv-none-embed/8.2.0/../../../../riscv-none-embed/lib/rv32imac/ilp32\libg_nano.a(lib_a-impure.o)
                0x0000000020000064                _impure_ptr
 *(.gnu.linkonce.s.*)
                0x0000000020000068                . = ALIGN (0x8)
 *(.srodata.cst16)
 *(.srodata.cst8)
 *(.srodata.cst4)
 *(.srodata.cst2)
 *(.srodata .srodata.*)
                0x0000000020000068                . = ALIGN (0x4)
                0x0000000020000068                PROVIDE (_edata = .)
                [!provide]                        PROVIDE (edata = .)
                [!provide]                        PROVIDE (_fbss = .)
                0x0000000020000068                PROVIDE (__bss_start = .)

.bss            0x0000000020000068       0x94
 *(.sbss*)
 .sbss._global_atexit
                0x0000000020000068        0x4 d:/nucleistudio_ide_201909/nucleistudio_ide_201909/nucleistudio/toolchain/risc-v embedded gcc/bin/../lib/gcc/riscv-none-embed/8.2.0/../../../../riscv-none-embed/lib/rv32imac/ilp32\libg_nano.a(lib_a-__call_atexit.o)
                0x0000000020000068                _global_atexit
 *(.gnu.linkonce.sb.*)
 *(.bss .bss.*)
 .bss._global_atexit0
                0x000000002000006c       0x8c d:/nucleistudio_ide_201909/nucleistudio_ide_201909/nucleistudio/toolchain/risc-v embedded gcc/bin/../lib/gcc/riscv-none-embed/8.2.0/../../../../riscv-none-embed/lib/rv32imac/ilp32\libg_nano.a(lib_a-__atexit.o)
 *(.gnu.linkonce.b.*)
 *(COMMON)
 COMMON         0x00000000200000f8        0x4 d:/nucleistudio_ide_201909/nucleistudio_ide_201909/nucleistudio/toolchain/risc-v embedded gcc/bin/../lib/gcc/riscv-none-embed/8.2.0/../../../../riscv-none-embed/lib/rv32imac/ilp32\libg_nano.a(lib_a-reent.o)
                0x00000000200000f8                errno
                0x00000000200000fc                . = ALIGN (0x4)
                0x0000000020000100                . = ALIGN (0x8)
                0x0000000020000100                PROVIDE (_end = .)
                [!provide]                        PROVIDE (end = .)

.stack          0x0000000020007800      0x800 load address 0x00000000200000fc
                0x0000000020007800                PROVIDE (_heap_end = .)
                0x0000000000000800                . = __stack_size
 *fill*         0x0000000020007800      0x800 
                0x0000000020008000                PROVIDE (_sp = .)
OUTPUT(Sipeed_Template.elf elf32-littleriscv)

.debug_info     0x0000000000000000     0x72d6
 .debug_info    0x0000000000000000      0x18a ./RISCV/stubs/_exit.o
 .debug_info    0x000000000000018a      0xbcf ./RISCV/stubs/write.o
 .debug_info    0x0000000000000d59      0x1c3 ./RISCV/stubs/write_hex.o
 .debug_info    0x0000000000000f1c       0x22 ./RISCV/env_Eclipse/entry.o
 .debug_info    0x0000000000000f3e      0xa62 ./RISCV/env_Eclipse/handlers.o
 .debug_info    0x00000000000019a0      0xbba ./RISCV/env_Eclipse/init.o
 .debug_info    0x000000000000255a       0x26 ./RISCV/env_Eclipse/start.o
 .debug_info    0x0000000000002580     0x17f4 ./RISCV/drivers/n200_func.o
 .debug_info    0x0000000000003d74      0x70b ./Peripherals/Source/gd32vf103_gpio.o
 .debug_info    0x000000000000447f     0x1012 ./Peripherals/Source/gd32vf103_rcu.o
 .debug_info    0x0000000000005491      0xc94 ./Peripherals/Source/gd32vf103_usart.o
 .debug_info    0x0000000000006125      0x1ef ./Peripherals/system_gd32vf103.o
 .debug_info    0x0000000000006314      0xe99 ./Application/main.o
 .debug_info    0x00000000000071ad      0x129 ./Application/systick.o

.debug_abbrev   0x0000000000000000     0x19d0
 .debug_abbrev  0x0000000000000000       0xd7 ./RISCV/stubs/_exit.o
 .debug_abbrev  0x00000000000000d7      0x2b9 ./RISCV/stubs/write.o
 .debug_abbrev  0x0000000000000390      0x104 ./RISCV/stubs/write_hex.o
 .debug_abbrev  0x0000000000000494       0x12 ./RISCV/env_Eclipse/entry.o
 .debug_abbrev  0x00000000000004a6      0x253 ./RISCV/env_Eclipse/handlers.o
 .debug_abbrev  0x00000000000006f9      0x24a ./RISCV/env_Eclipse/init.o
 .debug_abbrev  0x0000000000000943       0x14 ./RISCV/env_Eclipse/start.o
 .debug_abbrev  0x0000000000000957      0x53b ./RISCV/drivers/n200_func.o
 .debug_abbrev  0x0000000000000e92      0x209 ./Peripherals/Source/gd32vf103_gpio.o
 .debug_abbrev  0x000000000000109b      0x2ad ./Peripherals/Source/gd32vf103_rcu.o
 .debug_abbrev  0x0000000000001348      0x1da ./Peripherals/Source/gd32vf103_usart.o
 .debug_abbrev  0x0000000000001522       0xdc ./Peripherals/system_gd32vf103.o
 .debug_abbrev  0x00000000000015fe      0x30a ./Application/main.o
 .debug_abbrev  0x0000000000001908       0xc8 ./Application/systick.o

.debug_loc      0x0000000000000000     0x24dc
 .debug_loc     0x0000000000000000       0x1e ./RISCV/stubs/_exit.o
 .debug_loc     0x000000000000001e      0x140 ./RISCV/stubs/write.o
 .debug_loc     0x000000000000015e       0xa4 ./RISCV/stubs/write_hex.o
 .debug_loc     0x0000000000000202       0x58 ./RISCV/env_Eclipse/handlers.o
 .debug_loc     0x000000000000025a      0x8e8 ./RISCV/drivers/n200_func.o
 .debug_loc     0x0000000000000b42      0x449 ./Peripherals/Source/gd32vf103_gpio.o
 .debug_loc     0x0000000000000f8b      0xb94 ./Peripherals/Source/gd32vf103_rcu.o
 .debug_loc     0x0000000000001b1f      0x754 ./Peripherals/Source/gd32vf103_usart.o
 .debug_loc     0x0000000000002273      0x1e4 ./Peripherals/system_gd32vf103.o
 .debug_loc     0x0000000000002457       0x29 ./Application/main.o
 .debug_loc     0x0000000000002480       0x5c ./Application/systick.o

.debug_aranges  0x0000000000000000      0x648
 .debug_aranges
                0x0000000000000000       0x20 ./RISCV/stubs/_exit.o
 .debug_aranges
                0x0000000000000020       0x30 ./RISCV/stubs/write.o
 .debug_aranges
                0x0000000000000050       0x20 ./RISCV/stubs/write_hex.o
 .debug_aranges
                0x0000000000000070       0x28 ./RISCV/env_Eclipse/entry.o
 .debug_aranges
                0x0000000000000098       0x28 ./RISCV/env_Eclipse/handlers.o
 .debug_aranges
                0x00000000000000c0       0x28 ./RISCV/env_Eclipse/init.o
 .debug_aranges
                0x00000000000000e8       0x20 ./RISCV/env_Eclipse/start.o
 .debug_aranges
                0x0000000000000108      0x140 ./RISCV/drivers/n200_func.o
 .debug_aranges
                0x0000000000000248       0xa0 ./Peripherals/Source/gd32vf103_gpio.o
 .debug_aranges
                0x00000000000002e8      0x160 ./Peripherals/Source/gd32vf103_rcu.o
 .debug_aranges
                0x0000000000000448      0x170 ./Peripherals/Source/gd32vf103_usart.o
 .debug_aranges
                0x00000000000005b8       0x28 ./Peripherals/system_gd32vf103.o
 .debug_aranges
                0x00000000000005e0       0x48 ./Application/main.o
 .debug_aranges
                0x0000000000000628       0x20 ./Application/systick.o

.debug_ranges   0x0000000000000000      0x910
 .debug_ranges  0x0000000000000000       0x10 ./RISCV/stubs/_exit.o
 .debug_ranges  0x0000000000000010       0x40 ./RISCV/stubs/write.o
 .debug_ranges  0x0000000000000050       0x30 ./RISCV/stubs/write_hex.o
 .debug_ranges  0x0000000000000080       0x20 ./RISCV/env_Eclipse/entry.o
 .debug_ranges  0x00000000000000a0       0x18 ./RISCV/env_Eclipse/handlers.o
 .debug_ranges  0x00000000000000b8       0x18 ./RISCV/env_Eclipse/init.o
 .debug_ranges  0x00000000000000d0      0x328 ./RISCV/drivers/n200_func.o
 .debug_ranges  0x00000000000003f8       0x90 ./Peripherals/Source/gd32vf103_gpio.o
 .debug_ranges  0x0000000000000488      0x270 ./Peripherals/Source/gd32vf103_rcu.o
 .debug_ranges  0x00000000000006f8      0x160 ./Peripherals/Source/gd32vf103_usart.o
 .debug_ranges  0x0000000000000858       0x38 ./Peripherals/system_gd32vf103.o
 .debug_ranges  0x0000000000000890       0x70 ./Application/main.o
 .debug_ranges  0x0000000000000900       0x10 ./Application/systick.o

.debug_line     0x0000000000000000     0x66de
 .debug_line    0x0000000000000000      0x16c ./RISCV/stubs/_exit.o
 .debug_line    0x000000000000016c      0x4e6 ./RISCV/stubs/write.o
 .debug_line    0x0000000000000652      0x2a7 ./RISCV/stubs/write_hex.o
 .debug_line    0x00000000000008f9       0xd7 ./RISCV/env_Eclipse/entry.o
 .debug_line    0x00000000000009d0      0x2bb ./RISCV/env_Eclipse/handlers.o
 .debug_line    0x0000000000000c8b      0x31e ./RISCV/env_Eclipse/init.o
 .debug_line    0x0000000000000fa9      0x175 ./RISCV/env_Eclipse/start.o
 .debug_line    0x000000000000111e     0x13f7 ./RISCV/drivers/n200_func.o
 .debug_line    0x0000000000002515      0xc47 ./Peripherals/Source/gd32vf103_gpio.o
 .debug_line    0x000000000000315c     0x16a2 ./Peripherals/Source/gd32vf103_rcu.o
 .debug_line    0x00000000000047fe      0xeba ./Peripherals/Source/gd32vf103_usart.o
 .debug_line    0x00000000000056b8      0x781 ./Peripherals/system_gd32vf103.o
 .debug_line    0x0000000000005e39      0x5b3 ./Application/main.o
 .debug_line    0x00000000000063ec      0x2f2 ./Application/systick.o

.debug_str      0x0000000000000000     0x22c1
 .debug_str     0x0000000000000000      0x1ab ./RISCV/stubs/_exit.o
                                        0x1f1 (size before relaxing)
 .debug_str     0x00000000000001ab      0x4fa ./RISCV/stubs/write.o
                                        0x6fc (size before relaxing)
 .debug_str     0x00000000000006a5       0x29 ./RISCV/stubs/write_hex.o
                                        0x202 (size before relaxing)
 .debug_str     0x00000000000006ce       0x29 ./RISCV/env_Eclipse/entry.o
                                         0x59 (size before relaxing)
 .debug_str     0x00000000000006f7       0x4a ./RISCV/env_Eclipse/handlers.o
                                        0x5fc (size before relaxing)
 .debug_str     0x0000000000000741      0x401 ./RISCV/env_Eclipse/init.o
                                        0x9cc (size before relaxing)
 .debug_str     0x0000000000000b42       0x1d ./RISCV/env_Eclipse/start.o
                                         0x59 (size before relaxing)
 .debug_str     0x0000000000000b5f      0x35f ./RISCV/drivers/n200_func.o
                                        0x9a3 (size before relaxing)
 .debug_str     0x0000000000000ebe      0x3d6 ./Peripherals/Source/gd32vf103_gpio.o
                                        0x5b6 (size before relaxing)
 .debug_str     0x0000000000001294      0xa67 ./Peripherals/Source/gd32vf103_rcu.o
                                        0xe1d (size before relaxing)
 .debug_str     0x0000000000001cfb      0x4c6 ./Peripherals/Source/gd32vf103_usart.o
                                        0x976 (size before relaxing)
 .debug_str     0x00000000000021c1       0x7b ./Peripherals/system_gd32vf103.o
                                        0x288 (size before relaxing)
 .debug_str     0x000000000000223c       0x6c ./Application/main.o
                                        0x941 (size before relaxing)
 .debug_str     0x00000000000022a8       0x19 ./Application/systick.o
                                        0x20e (size before relaxing)

.comment        0x0000000000000000       0x39
 .comment       0x0000000000000000       0x39 ./RISCV/stubs/_exit.o
                                         0x3a (size before relaxing)
 .comment       0x0000000000000039       0x3a ./RISCV/stubs/write.o
 .comment       0x0000000000000039       0x3a ./RISCV/stubs/write_hex.o
 .comment       0x0000000000000039       0x3a ./RISCV/env_Eclipse/handlers.o
 .comment       0x0000000000000039       0x3a ./RISCV/env_Eclipse/init.o
 .comment       0x0000000000000039       0x3a ./RISCV/drivers/n200_func.o
 .comment       0x0000000000000039       0x3a ./Peripherals/Source/gd32vf103_gpio.o
 .comment       0x0000000000000039       0x3a ./Peripherals/Source/gd32vf103_rcu.o
 .comment       0x0000000000000039       0x3a ./Peripherals/Source/gd32vf103_usart.o
 .comment       0x0000000000000039       0x3a ./Peripherals/system_gd32vf103.o
 .comment       0x0000000000000039       0x3a ./Application/main.o
 .comment       0x0000000000000039       0x3a ./Application/systick.o

.debug_frame    0x0000000000000000      0xfb8
 .debug_frame   0x0000000000000000       0x2c ./RISCV/stubs/_exit.o
 .debug_frame   0x000000000000002c       0x88 ./RISCV/stubs/write.o
 .debug_frame   0x00000000000000b4       0x48 ./RISCV/stubs/write_hex.o
 .debug_frame   0x00000000000000fc       0x40 ./RISCV/env_Eclipse/handlers.o
 .debug_frame   0x000000000000013c       0x3c ./RISCV/env_Eclipse/init.o
 .debug_frame   0x0000000000000178      0x26c ./RISCV/drivers/n200_func.o
 .debug_frame   0x00000000000003e4      0x160 ./Peripherals/Source/gd32vf103_gpio.o
 .debug_frame   0x0000000000000544      0x2b4 ./Peripherals/Source/gd32vf103_rcu.o
 .debug_frame   0x00000000000007f8      0x30c ./Peripherals/Source/gd32vf103_usart.o
 .debug_frame   0x0000000000000b04       0x30 ./Peripherals/system_gd32vf103.o
 .debug_frame   0x0000000000000b34       0xb4 ./Application/main.o
 .debug_frame   0x0000000000000be8       0x54 ./Application/systick.o
 .debug_frame   0x0000000000000c3c       0x50 d:/nucleistudio_ide_201909/nucleistudio_ide_201909/nucleistudio/toolchain/risc-v embedded gcc/bin/../lib/gcc/riscv-none-embed/8.2.0/rv32imac/ilp32\libgcc.a(divdf3.o)
 .debug_frame   0x0000000000000c8c       0x20 d:/nucleistudio_ide_201909/nucleistudio_ide_201909/nucleistudio/toolchain/risc-v embedded gcc/bin/../lib/gcc/riscv-none-embed/8.2.0/rv32imac/ilp32\libgcc.a(ledf2.o)
 .debug_frame   0x0000000000000cac       0x54 d:/nucleistudio_ide_201909/nucleistudio_ide_201909/nucleistudio/toolchain/risc-v embedded gcc/bin/../lib/gcc/riscv-none-embed/8.2.0/rv32imac/ilp32\libgcc.a(muldf3.o)
 .debug_frame   0x0000000000000d00       0x38 d:/nucleistudio_ide_201909/nucleistudio_ide_201909/nucleistudio/toolchain/risc-v embedded gcc/bin/../lib/gcc/riscv-none-embed/8.2.0/rv32imac/ilp32\libgcc.a(floatunsidf.o)
 .debug_frame   0x0000000000000d38       0x50 d:/nucleistudio_ide_201909/nucleistudio_ide_201909/nucleistudio/toolchain/risc-v embedded gcc/bin/../lib/gcc/riscv-none-embed/8.2.0/rv32imac/ilp32\libgcc.a(floatundidf.o)
 .debug_frame   0x0000000000000d88       0x20 d:/nucleistudio_ide_201909/nucleistudio_ide_201909/nucleistudio/toolchain/risc-v embedded gcc/bin/../lib/gcc/riscv-none-embed/8.2.0/rv32imac/ilp32\libgcc.a(_clzsi2.o)
 .debug_frame   0x0000000000000da8       0x20 d:/nucleistudio_ide_201909/nucleistudio_ide_201909/nucleistudio/toolchain/risc-v embedded gcc/bin/../lib/gcc/riscv-none-embed/8.2.0/../../../../riscv-none-embed/lib/rv32imac/ilp32\libg_nano.a(lib_a-atexit.o)
 .debug_frame   0x0000000000000dc8       0x28 d:/nucleistudio_ide_201909/nucleistudio_ide_201909/nucleistudio/toolchain/risc-v embedded gcc/bin/../lib/gcc/riscv-none-embed/8.2.0/../../../../riscv-none-embed/lib/rv32imac/ilp32\libg_nano.a(lib_a-exit.o)
 .debug_frame   0x0000000000000df0       0x38 d:/nucleistudio_ide_201909/nucleistudio_ide_201909/nucleistudio/toolchain/risc-v embedded gcc/bin/../lib/gcc/riscv-none-embed/8.2.0/../../../../riscv-none-embed/lib/rv32imac/ilp32\libg_nano.a(lib_a-fini.o)
 .debug_frame   0x0000000000000e28       0x3c d:/nucleistudio_ide_201909/nucleistudio_ide_201909/nucleistudio/toolchain/risc-v embedded gcc/bin/../lib/gcc/riscv-none-embed/8.2.0/../../../../riscv-none-embed/lib/rv32imac/ilp32\libg_nano.a(lib_a-init.o)
 .debug_frame   0x0000000000000e64       0x20 d:/nucleistudio_ide_201909/nucleistudio_ide_201909/nucleistudio/toolchain/risc-v embedded gcc/bin/../lib/gcc/riscv-none-embed/8.2.0/../../../../riscv-none-embed/lib/rv32imac/ilp32\libg_nano.a(lib_a-strlen.o)
 .debug_frame   0x0000000000000e84       0x20 d:/nucleistudio_ide_201909/nucleistudio_ide_201909/nucleistudio/toolchain/risc-v embedded gcc/bin/../lib/gcc/riscv-none-embed/8.2.0/../../../../riscv-none-embed/lib/rv32imac/ilp32\libg_nano.a(lib_a-syswrite.o)
 .debug_frame   0x0000000000000ea4       0x30 d:/nucleistudio_ide_201909/nucleistudio_ide_201909/nucleistudio/toolchain/risc-v embedded gcc/bin/../lib/gcc/riscv-none-embed/8.2.0/../../../../riscv-none-embed/lib/rv32imac/ilp32\libg_nano.a(lib_a-writer.o)
 .debug_frame   0x0000000000000ed4       0x20 d:/nucleistudio_ide_201909/nucleistudio_ide_201909/nucleistudio/toolchain/risc-v embedded gcc/bin/../lib/gcc/riscv-none-embed/8.2.0/../../../../riscv-none-embed/lib/rv32imac/ilp32\libg_nano.a(lib_a-__atexit.o)
 .debug_frame   0x0000000000000ef4       0x54 d:/nucleistudio_ide_201909/nucleistudio_ide_201909/nucleistudio/toolchain/risc-v embedded gcc/bin/../lib/gcc/riscv-none-embed/8.2.0/../../../../riscv-none-embed/lib/rv32imac/ilp32\libg_nano.a(lib_a-__call_atexit.o)
 .debug_frame   0x0000000000000f48       0x70 d:/nucleistudio_ide_201909/nucleistudio_ide_201909/nucleistudio/toolchain/risc-v embedded gcc/bin/../lib/gcc/riscv-none-embed/8.2.0/../../../../riscv-none-embed/lib/rv32imac/ilp32\libg_nano.a(lib_a-reent.o)
